// Jest Snapshot v1, https://goo.gl/fbAQLP

exports[`fetchCommitBySha snapshot request/response makes the right queries: Query: CommitsBySha 1`] = `
"query CommitsBySha($repoOwner: String!, $repoName: String!, $sha: String!) {
  repository(owner: $repoOwner, name: $repoName) {
    object(expression: $sha) {
      ...SourceCommitWithTargetPullRequestFragment
    }
  }
}

fragment SourceCommitWithTargetPullRequestFragment on Commit {
  repository {
    name
    owner {
      login
    }
  }
  sha: oid
  message
  committedDate
  author {
    name
    email
  }
  associatedPullRequests(first: 1) {
    edges {
      node {
        url
        number
        labels(first: 50) {
          nodes {
            name
          }
        }
        baseRefName
        mergeCommit {
          ...RemoteConfigHistoryFragment
          sha: oid
          message
        }
        timelineItems(last: 20, itemTypes: CROSS_REFERENCED_EVENT) {
          edges {
            node {
              ... on CrossReferencedEvent {
                targetPullRequest: source {
                  __typename
                  ... on PullRequest {
                    targetMergeCommit: mergeCommit {
                      sha: oid
                      message
                    }
                    repository {
                      name
                      owner {
                        login
                      }
                    }
                    url
                    title
                    state
                    baseRefName
                    number
                    commits(first: 20) {
                      edges {
                        node {
                          targetCommit: commit {
                            message
                            sha: oid
                          }
                        }
                      }
                    }
                  }
                }
              }
            }
          }
        }
      }
    }
  }
}

fragment RemoteConfigHistoryFragment on Commit {
  remoteConfigHistory: history(first: 1, path: \\".backportrc.json\\") {
    edges {
      remoteConfig: node {
        committedDate
        file(path: \\".backportrc.json\\") {
          ... on TreeEntry {
            object {
              ... on Blob {
                text
              }
            }
          }
        }
      }
    }
  }
}"
`;

exports[`fetchCommitBySha snapshot request/response returns the correct response 1`] = `
Object {
  "author": Object {
    "email": "soren.louv@elastic.co",
    "name": "Søren Louv-Jansen",
  },
  "sourceBranch": "main",
  "sourceCommit": Object {
    "branchLabelMapping": Object {
      "^v(\\\\d+).(\\\\d+).\\\\d+$": "$1.$2",
      "^v8.1.0$": "main",
    },
    "committedDate": "2021-12-20T14:20:16Z",
    "message": "[APM] Add note about synthtrace to APM docs (#121633)",
    "sha": "d421ddcf6157150596581c7885afa3690cec6339",
  },
  "sourcePullRequest": Object {
    "labels": Array [
      "Team:apm",
      "v8.0.0",
      "release_note:skip",
      "auto-backport",
      "v8.1.0",
    ],
    "mergeCommit": Object {
      "message": "[APM] Add note about synthtrace to APM docs (#121633)",
      "sha": "d421ddcf6157150596581c7885afa3690cec6339",
    },
    "number": 121633,
    "url": "https://github.com/elastic/kibana/pull/121633",
  },
  "suggestedTargetBranches": Array [],
  "targetPullRequestStates": Array [
    Object {
      "branch": "8.0",
      "isSourceBranch": false,
      "label": "v8.0.0",
      "labelRegex": "^v(\\\\d+).(\\\\d+).\\\\d+$",
      "mergeCommit": Object {
        "message": "[APM] Add note about synthtrace to APM docs (#121633) (#121643)

Co-authored-by: Søren Louv-Jansen <soren.louv@elastic.co>",
        "sha": "842adfdeb5541b059231857522f9009771a46107",
      },
      "number": 121643,
      "state": "MERGED",
      "url": "https://github.com/elastic/kibana/pull/121643",
    },
    Object {
      "branch": "main",
      "isSourceBranch": true,
      "label": "v8.1.0",
      "labelRegex": "^v8.1.0$",
      "mergeCommit": Object {
        "message": "[APM] Add note about synthtrace to APM docs (#121633)",
        "sha": "d421ddcf6157150596581c7885afa3690cec6339",
      },
      "number": 121633,
      "state": "MERGED",
      "url": "https://github.com/elastic/kibana/pull/121633",
    },
  ],
}
`;
