// Jest Snapshot v1, https://goo.gl/fbAQLP

exports[`fetchCommitBySha should return single commit with pull request 1`] = `
Array [
  Array [
    "https://api.github.com/search/commits?q=hash:sha123456789%20repo:elastic/kibana&per_page=1",
    Object {
      "auth": Object {
        "password": "myAccessToken",
        "username": "sqren",
      },
      "headers": Object {
        "Accept": "application/vnd.github.cloak-preview",
      },
    },
  ],
]
`;
