// Jest Snapshot v1, https://goo.gl/fbAQLP

exports[`run through steps exec should be called with correct args 1`] = `
Array [
  Array [
    "git clone git@github.com:elastic/kibana",
    Object {
      "cwd": "/homefolder/.backport/repositories/elastic",
    },
  ],
  Array [
    "git remote add sqren git@github.com:sqren/kibana",
    Object {
      "cwd": "/homefolder/.backport/repositories/elastic/kibana",
    },
  ],
  Array [
    "git reset --hard && git clean -d --force && git checkout master && git pull origin master",
    Object {
      "cwd": "/homefolder/.backport/repositories/elastic/kibana",
    },
  ],
  Array [
    "git fetch origin 6.2 && git branch backport/6.2/pr-myPullRequest origin/6.2 --force && git checkout backport/6.2/pr-myPullRequest ",
    Object {
      "cwd": "/homefolder/.backport/repositories/elastic/kibana",
    },
  ],
  Array [
    "git cherry-pick mySha",
    Object {
      "cwd": "/homefolder/.backport/repositories/elastic/kibana",
    },
  ],
  Array [
    "git push sqren backport/6.2/pr-myPullRequest --force",
    Object {
      "cwd": "/homefolder/.backport/repositories/elastic/kibana",
    },
  ],
]
`;

exports[`run through steps prompt calls should match snapshot 1`] = `
Array [
  Array [
    Array [
      Object {
        "choices": Array [
          Object {
            "name": "Update readme: Make ui-framework url a link",
            "short": "Update readme: Make ui-framework url a link",
            "value": Object {
              "message": "Update readme: Make ui-framework url a link",
              "sha": "7939a98aadb94ead30b54bea7974cd02dc816b02",
            },
          },
          Object {
            "name": "Update react 15.6.1 (#13672)",
            "short": "Update react 15.6.1 (#13672)",
            "value": Object {
              "message": "Update react 15.6.1 (#13672)",
              "sha": "52552a93efa5b4038ea57d9cb3d158ba6a1ff71d",
            },
          },
          Object {
            "name": "Mock out static files when running in Jest (#13315)",
            "short": "Mock out static files when running in Jest (#13315)",
            "value": Object {
              "message": "Mock out static files when running in Jest (#13315)",
              "sha": "8cfbb82cfb50aa962410a9682d96335a252d751a",
            },
          },
        ],
        "message": "Select commit to backport",
        "name": "promptResult",
        "pageSize": 3,
        "type": "list",
      },
    ],
  ],
  Array [
    Array [
      Object {
        "choices": Array [
          "6.x",
          "6.0",
          "5.6",
          "5.5",
          "5.4",
        ],
        "message": "Select branch to backport to",
        "name": "promptResult",
        "type": "list",
      },
    ],
  ],
]
`;
