// Jest Snapshot v1, https://goo.gl/fbAQLP

exports[`fetchCommitsByAuthor snapshot request/response makes the right queries: Query: AuthorId 1`] = `
"query AuthorId($author: String!) {
  user(login: $author) {
    id
  }
}"
`;

exports[`fetchCommitsByAuthor snapshot request/response makes the right queries: Query: CommitsByAuthor 1`] = `
"query CommitsByAuthor($repoOwner: String!, $repoName: String!, $maxNumber: Int!, $sourceBranch: String!, $authorId: ID, $commitPath: String, $dateSince: GitTimestamp, $dateUntil: GitTimestamp) {
  repository(owner: $repoOwner, name: $repoName) {
    ref(qualifiedName: $sourceBranch) {
      target {
        ... on Commit {
          history(
            first: $maxNumber
            author: {id: $authorId}
            path: $commitPath
            since: $dateSince
            until: $dateUntil
          ) {
            edges {
              node {
                ...SourceCommitWithTargetPullRequestFragment
              }
            }
          }
        }
      }
    }
  }
}

fragment SourceCommitWithTargetPullRequestFragment on Commit {
  repository {
    name
    owner {
      login
    }
  }
  sha: oid
  message
  committedDate
  author {
    name
    email
  }
  associatedPullRequests(first: 1) {
    edges {
      node {
        url
        number
        labels(first: 50) {
          nodes {
            name
          }
        }
        baseRefName
        mergeCommit {
          ...RemoteConfigHistoryFragment
          sha: oid
          message
        }
        timelineItems(last: 20, itemTypes: CROSS_REFERENCED_EVENT) {
          edges {
            node {
              ... on CrossReferencedEvent {
                targetPullRequest: source {
                  __typename
                  ... on PullRequest {
                    targetMergeCommit: mergeCommit {
                      sha: oid
                      message
                    }
                    repository {
                      name
                      owner {
                        login
                      }
                    }
                    url
                    title
                    state
                    baseRefName
                    number
                    commits(first: 20) {
                      edges {
                        node {
                          targetCommit: commit {
                            message
                            sha: oid
                          }
                        }
                      }
                    }
                  }
                }
              }
            }
          }
        }
      }
    }
  }
}

fragment RemoteConfigHistoryFragment on Commit {
  remoteConfigHistory: history(first: 1, path: \\".backportrc.json\\") {
    edges {
      remoteConfig: node {
        committedDate
        file(path: \\".backportrc.json\\") {
          ... on TreeEntry {
            object {
              ... on Blob {
                text
              }
            }
          }
        }
      }
    }
  }
}"
`;

exports[`fetchCommitsByAuthor snapshot request/response returns the correct response 1`] = `
Array [
  Object {
    "author": Object {
      "email": "soren.louv@elastic.co",
      "name": "Søren Louv-Jansen",
    },
    "expectedTargetPullRequests": Array [
      Object {
        "branch": "8.0",
        "mergeCommit": Object {
          "message": "[APM] Add note about synthtrace to APM docs (#121633) (#121643)

Co-authored-by: Søren Louv-Jansen <soren.louv@elastic.co>",
          "sha": "842adfdeb5541b059231857522f9009771a46107",
        },
        "number": 121643,
        "state": "MERGED",
        "url": "https://github.com/elastic/kibana/pull/121643",
      },
    ],
    "sourceBranch": "main",
    "sourceCommit": Object {
      "committedDate": "2021-12-20T14:20:16Z",
      "message": "[APM] Add note about synthtrace to APM docs (#121633)",
      "sha": "d421ddcf6157150596581c7885afa3690cec6339",
    },
    "sourcePullRequest": Object {
      "mergeCommit": Object {
        "message": "[APM] Add note about synthtrace to APM docs (#121633)",
        "sha": "d421ddcf6157150596581c7885afa3690cec6339",
      },
      "number": 121633,
      "url": "https://github.com/elastic/kibana/pull/121633",
    },
  },
  Object {
    "author": Object {
      "email": "soren.louv@elastic.co",
      "name": "Søren Louv-Jansen",
    },
    "expectedTargetPullRequests": Array [],
    "sourceBranch": "main",
    "sourceCommit": Object {
      "committedDate": "2021-12-08T20:03:55Z",
      "message": "[APM] Prefer service.name for logs correlation (#120694)",
      "sha": "b1b491959dab47aeb83c88ee2accb2db46d23793",
    },
    "sourcePullRequest": Object {
      "mergeCommit": Object {
        "message": "[APM] Prefer service.name for logs correlation (#120694)",
        "sha": "b1b491959dab47aeb83c88ee2accb2db46d23793",
      },
      "number": 120694,
      "url": "https://github.com/elastic/kibana/pull/120694",
    },
  },
  Object {
    "author": Object {
      "email": "soren.louv@elastic.co",
      "name": "Søren Louv-Jansen",
    },
    "expectedTargetPullRequests": Array [
      Object {
        "branch": "8.0",
        "mergeCommit": Object {
          "message": "[APM] Disable telemetry in agent config endpoint (#120106) (#120186)

Co-authored-by: Søren Louv-Jansen <soren.louv@elastic.co>",
          "sha": "33c132edf127aafe0886921e7451cbcdb3e68acd",
        },
        "number": 120186,
        "state": "MERGED",
        "url": "https://github.com/elastic/kibana/pull/120186",
      },
    ],
    "sourceBranch": "main",
    "sourceCommit": Object {
      "committedDate": "2021-12-01T23:26:48Z",
      "message": "[APM] Disable telemetry in agent config endpoint (#120106)",
      "sha": "b1bb4a93959f19a653b9cfb207a5c6acb6559482",
    },
    "sourcePullRequest": Object {
      "mergeCommit": Object {
        "message": "[APM] Disable telemetry in agent config endpoint (#120106)",
        "sha": "b1bb4a93959f19a653b9cfb207a5c6acb6559482",
      },
      "number": 120106,
      "url": "https://github.com/elastic/kibana/pull/120106",
    },
  },
  Object {
    "author": Object {
      "email": "soren.louv@elastic.co",
      "name": "Søren Louv-Jansen",
    },
    "expectedTargetPullRequests": Array [
      Object {
        "branch": "8.0",
        "mergeCommit": Object {
          "message": "[APM] Remove index_pattern.json and add custom field formatters (#119915) (#120012)

* [APM] Remove index_pattern.json and add custom field formatters

* Fix tests

* Fix tests

* Fix tutorial

Co-authored-by: Søren Louv-Jansen <soren.louv@elastic.co>",
          "sha": "4d5992dbcbfc097f94562894882ad80c2791aad0",
        },
        "number": 120012,
        "state": "MERGED",
        "url": "https://github.com/elastic/kibana/pull/120012",
      },
    ],
    "sourceBranch": "main",
    "sourceCommit": Object {
      "committedDate": "2021-11-30T18:47:26Z",
      "message": "[APM] Remove index_pattern.json and add custom field formatters (#119915)

* [APM] Remove index_pattern.json and add custom field formatters

* Fix tests

* Fix tests

* Fix tutorial",
      "sha": "434f6e6a88faf24dc1ea41f9f726db78e46355a7",
    },
    "sourcePullRequest": Object {
      "mergeCommit": Object {
        "message": "[APM] Remove index_pattern.json and add custom field formatters (#119915)

* [APM] Remove index_pattern.json and add custom field formatters

* Fix tests

* Fix tests

* Fix tutorial",
        "sha": "434f6e6a88faf24dc1ea41f9f726db78e46355a7",
      },
      "number": 119915,
      "url": "https://github.com/elastic/kibana/pull/119915",
    },
  },
  Object {
    "author": Object {
      "email": "soren.louv@elastic.co",
      "name": "Søren Louv-Jansen",
    },
    "expectedTargetPullRequests": Array [
      Object {
        "branch": "8.0",
        "mergeCommit": Object {
          "message": "[APM] Remove log-log descriptions from correlation charts (#119700) (#120178)",
          "sha": "0bd9d7f9fe713ad78330fd1aa6c713c9c5c2c8d6",
        },
        "number": 120178,
        "state": "MERGED",
        "url": "https://github.com/elastic/kibana/pull/120178",
      },
      Object {
        "branch": "7.16",
        "mergeCommit": Object {
          "message": "[APM] Remove log-log descriptions from correlation charts (#119700) (#120179)

# Conflicts:
#	x-pack/plugins/apm/public/components/app/correlations/failed_transactions_correlations.tsx
#	x-pack/plugins/apm/public/components/app/correlations/latency_correlations.tsx
#	x-pack/plugins/apm/public/components/app/transaction_details/distribution/index.tsx",
          "sha": "749d1cfc1c7c33beec8fee58046e3d70dbd43e68",
        },
        "number": 120179,
        "state": "MERGED",
        "url": "https://github.com/elastic/kibana/pull/120179",
      },
    ],
    "sourceBranch": "main",
    "sourceCommit": Object {
      "committedDate": "2021-11-29T15:12:27Z",
      "message": "[APM] Remove log-log descriptions from correlation charts (#119700)",
      "sha": "ae9d51b7fe3ee6f30d0d196c782e0dcabb7ac5ff",
    },
    "sourcePullRequest": Object {
      "mergeCommit": Object {
        "message": "[APM] Remove log-log descriptions from correlation charts (#119700)",
        "sha": "ae9d51b7fe3ee6f30d0d196c782e0dcabb7ac5ff",
      },
      "number": 119700,
      "url": "https://github.com/elastic/kibana/pull/119700",
    },
  },
  Object {
    "author": Object {
      "email": "soren.louv@elastic.co",
      "name": "Søren Louv-Jansen",
    },
    "expectedTargetPullRequests": Array [
      Object {
        "branch": "8.0",
        "mergeCommit": Object {
          "message": "[APM] Fix bug in documentation on \`span.destination\` metrics (#119789) (#119840)

Co-authored-by: Søren Louv-Jansen <soren.louv@elastic.co>",
          "sha": "72a88ee6ae55dfacec76cccf0ece7ea6f4bfcc42",
        },
        "number": 119840,
        "state": "MERGED",
        "url": "https://github.com/elastic/kibana/pull/119840",
      },
    ],
    "sourceBranch": "main",
    "sourceCommit": Object {
      "committedDate": "2021-11-29T13:40:01Z",
      "message": "[APM] Fix bug in documentation on \`span.destination\` metrics (#119789)",
      "sha": "43253ecafa1365eae45d31dd284d0a0bf273bc4d",
    },
    "sourcePullRequest": Object {
      "mergeCommit": Object {
        "message": "[APM] Fix bug in documentation on \`span.destination\` metrics (#119789)",
        "sha": "43253ecafa1365eae45d31dd284d0a0bf273bc4d",
      },
      "number": 119789,
      "url": "https://github.com/elastic/kibana/pull/119789",
    },
  },
  Object {
    "author": Object {
      "email": "soren.louv@elastic.co",
      "name": "Søren Louv-Jansen",
    },
    "expectedTargetPullRequests": Array [
      Object {
        "branch": "8.0",
        "mergeCommit": Object {
          "message": "[APM] Remove projections (#118327) (#118675)

* Delete errors projection

* Remove \`getMetricsProjection\`

* Remove \`getServiceNodesProjection\`

* Fix tests

Co-authored-by: Kibana Machine <42973632+kibanamachine@users.noreply.github.com>

Co-authored-by: Søren Louv-Jansen <soren.louv@elastic.co>",
          "sha": "03657221841ae4c13cc490963e3c2fbcbde0a78e",
        },
        "number": 118675,
        "state": "MERGED",
        "url": "https://github.com/elastic/kibana/pull/118675",
      },
    ],
    "sourceBranch": "main",
    "sourceCommit": Object {
      "committedDate": "2021-11-16T11:44:55Z",
      "message": "[APM] Remove projections (#118327)

* Delete errors projection

* Remove \`getMetricsProjection\`

* Remove \`getServiceNodesProjection\`

* Fix tests

Co-authored-by: Kibana Machine <42973632+kibanamachine@users.noreply.github.com>",
      "sha": "b48268dd0c42c9dc1fe310f7c0b3327117d066a5",
    },
    "sourcePullRequest": Object {
      "mergeCommit": Object {
        "message": "[APM] Remove projections (#118327)

* Delete errors projection

* Remove \`getMetricsProjection\`

* Remove \`getServiceNodesProjection\`

* Fix tests

Co-authored-by: Kibana Machine <42973632+kibanamachine@users.noreply.github.com>",
        "sha": "b48268dd0c42c9dc1fe310f7c0b3327117d066a5",
      },
      "number": 118327,
      "url": "https://github.com/elastic/kibana/pull/118327",
    },
  },
  Object {
    "author": Object {
      "email": "soren.louv@elastic.co",
      "name": "Søren Louv-Jansen",
    },
    "expectedTargetPullRequests": Array [
      Object {
        "branch": "8.0",
        "mergeCommit": Object {
          "message": "Update query_debugging_in_development_and_production.md (#118491) (#118631)

Co-authored-by: Søren Louv-Jansen <soren.louv@elastic.co>",
          "sha": "81f69039af290230b7b9b0a35924622a031ac572",
        },
        "number": 118631,
        "state": "MERGED",
        "url": "https://github.com/elastic/kibana/pull/118631",
      },
    ],
    "sourceBranch": "main",
    "sourceCommit": Object {
      "committedDate": "2021-11-15T22:54:40Z",
      "message": "Update query_debugging_in_development_and_production.md (#118491)",
      "sha": "e66377790605274d2610f45eed35c9d8febdb7b9",
    },
    "sourcePullRequest": Object {
      "mergeCommit": Object {
        "message": "Update query_debugging_in_development_and_production.md (#118491)",
        "sha": "e66377790605274d2610f45eed35c9d8febdb7b9",
      },
      "number": 118491,
      "url": "https://github.com/elastic/kibana/pull/118491",
    },
  },
  Object {
    "author": Object {
      "email": "soren.louv@elastic.co",
      "name": "Søren Louv-Jansen",
    },
    "expectedTargetPullRequests": Array [
      Object {
        "branch": "8.0",
        "mergeCommit": Object {
          "message": "[APM] Ignore unavailable indices for ml jobs (#117632) (#117872)

Co-authored-by: Søren Louv-Jansen <soren.louv@elastic.co>",
          "sha": "748db6969738ac626be83c80b0d1bed2abd50b70",
        },
        "number": 117872,
        "state": "MERGED",
        "url": "https://github.com/elastic/kibana/pull/117872",
      },
    ],
    "sourceBranch": "main",
    "sourceCommit": Object {
      "committedDate": "2021-11-08T15:12:52Z",
      "message": "[APM] Ignore unavailable indices for ml jobs (#117632)",
      "sha": "acc7bd9d97a2147f752942dbcf01d7fb2478234b",
    },
    "sourcePullRequest": Object {
      "mergeCommit": Object {
        "message": "[APM] Ignore unavailable indices for ml jobs (#117632)",
        "sha": "acc7bd9d97a2147f752942dbcf01d7fb2478234b",
      },
      "number": 117632,
      "url": "https://github.com/elastic/kibana/pull/117632",
    },
  },
  Object {
    "author": Object {
      "email": "soren.louv@elastic.co",
      "name": "Søren Louv-Jansen",
    },
    "expectedTargetPullRequests": Array [
      Object {
        "branch": "8.0",
        "mergeCommit": Object {
          "message": "[APM] Document \`_inspect\` flag (#117635) (#117831)

Co-authored-by: Søren Louv-Jansen <soren.louv@elastic.co>",
          "sha": "276fd505bce0a2ed2163d32c1de70ecf2414ab30",
        },
        "number": 117831,
        "state": "MERGED",
        "url": "https://github.com/elastic/kibana/pull/117831",
      },
    ],
    "sourceBranch": "main",
    "sourceCommit": Object {
      "committedDate": "2021-11-08T11:52:20Z",
      "message": "[APM] Document \`_inspect\` flag (#117635)",
      "sha": "d13ee69bdac1deebfea9f02a29cab0f9a87f2f8e",
    },
    "sourcePullRequest": Object {
      "mergeCommit": Object {
        "message": "[APM] Document \`_inspect\` flag (#117635)",
        "sha": "d13ee69bdac1deebfea9f02a29cab0f9a87f2f8e",
      },
      "number": 117635,
      "url": "https://github.com/elastic/kibana/pull/117635",
    },
  },
]
`;
