// Jest Snapshot v1, https://goo.gl/fbAQLP

exports[`fetchCommitsByAuthor when commit has an associated pull request should call with correct args to fetch author id 1`] = `
Array [
  "https://api.github.com/graphql",
  Object {
    "query": "
    query getIdByLogin($login: String!) {
      user(login: $login) {
        id
      }
    }
  ",
    "variables": Object {
      "login": "sqren",
    },
  },
  Object {
    "headers": Object {
      "Authorization": "bearer myAccessToken",
      "Content-Type": "application/json",
    },
  },
]
`;

exports[`fetchCommitsByAuthor when commit has an associated pull request should call with correct args to fetch commits 1`] = `
Array [
  "https://api.github.com/graphql",
  Object {
    "query": "
    query getCommitsByAuthorQuery(
      $repoOwner: String!
      $repoName: String!
      $commitsCount: Int!
      $sourceBranch: String!
      $authorId: ID
      $historyPath: String
    ) {
      repository(owner: $repoOwner, name: $repoName) {
        ref(qualifiedName: $sourceBranch) {
          target {
            ... on Commit {
              history(
                first: $commitsCount
                author: { id: $authorId }
                path: $historyPath
              ) {
                edges {
                  node {
                    oid
                    message
                    associatedPullRequests(first: 1) {
                      edges {
                        node {
                          repository {
                            owner {
                              login
                            }
                            name
                          }
                          number
                          timelineItems(
                            last: 20
                            itemTypes: CROSS_REFERENCED_EVENT
                          ) {
                            edges {
                              node {
                                ... on CrossReferencedEvent {
                                  source {
                                    __typename
                                    ... on PullRequest {
                                      title
                                      state
                                      baseRefName
                                      commits(first: 20) {
                                        edges {
                                          node {
                                            commit {
                                              message
                                            }
                                          }
                                        }
                                      }
                                    }
                                  }
                                }
                              }
                            }
                          }
                        }
                      }
                    }
                  }
                }
              }
            }
          }
        }
      }
    }
  ",
    "variables": Object {
      "authorId": "myUserId",
      "commitsCount": 10,
      "historyPath": null,
      "repoName": "kibana",
      "repoOwner": "elastic",
      "sourceBranch": undefined,
    },
  },
  Object {
    "headers": Object {
      "Authorization": "bearer myAccessToken",
      "Content-Type": "application/json",
    },
  },
]
`;
